// Jest Snapshot v1, https://goo.gl/fbAQLP

exports[`navbar renders unchanged 1`] = `
<div>
  <header
    class="bg-background dark:bg-black"
  >
    <div
      class="mx-auto px-2 sm:px-6 lg:px-8 max-w-navbar"
    >
      <div
        class="relative flex items-center h-navbar"
      >
        <div
          class="grid grid-cols-12 flex-1 gap-grid"
        >
          <div
            class="col-span-2 flex items-center"
          >
            <div
              class="dark:text-white text-black"
            >
              <a
                href="/"
              >
                Emry
              </a>
            </div>
          </div>
          <div
            class="col-span-10 ml-auto"
          >
            <nav>
              <ul
                class="flex space-x-16 items-center"
              >
                <li
                  class="border-b border-b-grey3 dark:border-b-grey1 text-body2 pb-1.5 -mb-1.5 transition duration-300 hover:border-b hover:border-black dark:hover:border-white dark:text-white text-black"
                >
                  <a
                    href="/features"
                  >
                    Features
                  </a>
                </li>
                <li
                  class="hover:-mb-[7px] text-body2 pb-1.5 -mb-1.5 transition duration-300 hover:border-b hover:border-black dark:hover:border-white dark:text-white text-black"
                >
                  <a
                    href="/about"
                  >
                    About
                  </a>
                </li>
                <li
                  class="hover:-mb-[7px] text-body2 pb-1.5 -mb-1.5 transition duration-300 hover:border-b hover:border-black dark:hover:border-white dark:text-white text-black"
                >
                  <a
                    href="/contact"
                  >
                    Contact
                  </a>
                </li>
                <li>
                  <button
                    class="bg-opacity-0 border border-black dark:border-white dark:text-white text-black rounded  hover:bg-opacity-90 transition-all h-[3.125rem] w-[10.375rem] relative inline-flex items-center justify-center"
                    type="button"
                  >
                    Download
                  </button>
                </li>
              </ul>
            </nav>
          </div>
        </div>
      </div>
    </div>
  </header>
</div>
`;
